------------------------------------------------------------
Timing Analyzer Summary
------------------------------------------------------------

Type  : Slow 1200mV 85C Model Setup 'pwr'
Slack : -260.841
TNS   : -4427.505

Type  : Slow 1200mV 85C Model Setup 'target_temp[1]'
Slack : -260.783
TNS   : -3668.917

Type  : Slow 1200mV 85C Model Setup 'clk'
Slack : -14.656
TNS   : -1051.721

Type  : Slow 1200mV 85C Model Hold 'target_temp[1]'
Slack : -98.570
TNS   : -744.076

Type  : Slow 1200mV 85C Model Hold 'pwr'
Slack : -1.861
TNS   : -13.684

Type  : Slow 1200mV 85C Model Hold 'clk'
Slack : 0.340
TNS   : 0.000

Type  : Slow 1200mV 85C Model Recovery 'target_temp[1]'
Slack : 4.828
TNS   : 0.000

Type  : Slow 1200mV 85C Model Removal 'target_temp[1]'
Slack : -98.761
TNS   : -689.380

Type  : Slow 1200mV 85C Model Minimum Pulse Width 'target_temp[1]'
Slack : -91.895
TNS   : -443138.533

Type  : Slow 1200mV 85C Model Minimum Pulse Width 'clk'
Slack : -3.000
TNS   : -162.942

Type  : Slow 1200mV 85C Model Minimum Pulse Width 'pwr'
Slack : -3.000
TNS   : -6.687

Type  : Slow 1200mV 0C Model Setup 'target_temp[1]'
Slack : -238.098
TNS   : -3346.740

Type  : Slow 1200mV 0C Model Setup 'pwr'
Slack : -237.994
TNS   : -4039.554

Type  : Slow 1200mV 0C Model Setup 'clk'
Slack : -13.284
TNS   : -950.640

Type  : Slow 1200mV 0C Model Hold 'target_temp[1]'
Slack : -89.629
TNS   : -676.248

Type  : Slow 1200mV 0C Model Hold 'pwr'
Slack : -1.592
TNS   : -11.743

Type  : Slow 1200mV 0C Model Hold 'clk'
Slack : 0.305
TNS   : 0.000

Type  : Slow 1200mV 0C Model Recovery 'target_temp[1]'
Slack : 4.446
TNS   : 0.000

Type  : Slow 1200mV 0C Model Removal 'target_temp[1]'
Slack : -89.814
TNS   : -626.916

Type  : Slow 1200mV 0C Model Minimum Pulse Width 'target_temp[1]'
Slack : -83.621
TNS   : -402511.715

Type  : Slow 1200mV 0C Model Minimum Pulse Width 'clk'
Slack : -3.000
TNS   : -162.942

Type  : Slow 1200mV 0C Model Minimum Pulse Width 'pwr'
Slack : -3.000
TNS   : -3.000

Type  : Fast 1200mV 0C Model Setup 'target_temp[1]'
Slack : -107.400
TNS   : -1497.558

Type  : Fast 1200mV 0C Model Setup 'pwr'
Slack : -107.087
TNS   : -1807.067

Type  : Fast 1200mV 0C Model Setup 'clk'
Slack : -5.553
TNS   : -375.604

Type  : Fast 1200mV 0C Model Hold 'target_temp[1]'
Slack : -40.258
TNS   : -301.709

Type  : Fast 1200mV 0C Model Hold 'pwr'
Slack : -1.084
TNS   : -9.714

Type  : Fast 1200mV 0C Model Hold 'clk'
Slack : 0.147
TNS   : 0.000

Type  : Fast 1200mV 0C Model Recovery 'target_temp[1]'
Slack : 2.137
TNS   : 0.000

Type  : Fast 1200mV 0C Model Removal 'target_temp[1]'
Slack : -40.175
TNS   : -280.410

Type  : Fast 1200mV 0C Model Minimum Pulse Width 'target_temp[1]'
Slack : -36.938
TNS   : -173692.901

Type  : Fast 1200mV 0C Model Minimum Pulse Width 'clk'
Slack : -3.000
TNS   : -121.359

Type  : Fast 1200mV 0C Model Minimum Pulse Width 'pwr'
Slack : -3.000
TNS   : -16.336

------------------------------------------------------------
