------------------------------------------------------------
Timing Analyzer Summary
------------------------------------------------------------

Type  : Slow 1200mV 85C Model Setup 'target_temp[1]'
Slack : -246.457
TNS   : -6060.693

Type  : Slow 1200mV 85C Model Setup 'Temperature:tempcontrol|currentTemp[1]'
Slack : -245.701
TNS   : -3543.264

Type  : Slow 1200mV 85C Model Setup 'pwr'
Slack : -244.270
TNS   : -4461.338

Type  : Slow 1200mV 85C Model Setup 'clk'
Slack : -16.361
TNS   : -1541.617

Type  : Slow 1200mV 85C Model Setup 'new_clk'
Slack : -7.576
TNS   : -74.841

Type  : Slow 1200mV 85C Model Hold 'Temperature:tempcontrol|currentTemp[1]'
Slack : -101.898
TNS   : -849.047

Type  : Slow 1200mV 85C Model Hold 'target_temp[1]'
Slack : -98.776
TNS   : -1595.283

Type  : Slow 1200mV 85C Model Hold 'pwr'
Slack : -6.684
TNS   : -99.832

Type  : Slow 1200mV 85C Model Hold 'clk'
Slack : -3.277
TNS   : -3.277

Type  : Slow 1200mV 85C Model Hold 'new_clk'
Slack : -0.389
TNS   : -0.389

Type  : Slow 1200mV 85C Model Recovery 'target_temp[1]'
Slack : 3.331
TNS   : 0.000

Type  : Slow 1200mV 85C Model Recovery 'Temperature:tempcontrol|currentTemp[1]'
Slack : 5.607
TNS   : 0.000

Type  : Slow 1200mV 85C Model Removal 'Temperature:tempcontrol|currentTemp[1]'
Slack : -101.829
TNS   : -710.481

Type  : Slow 1200mV 85C Model Removal 'target_temp[1]'
Slack : -98.651
TNS   : -1371.623

Type  : Slow 1200mV 85C Model Minimum Pulse Width 'Temperature:tempcontrol|currentTemp[1]'
Slack : -94.091
TNS   : -461474.583

Type  : Slow 1200mV 85C Model Minimum Pulse Width 'target_temp[1]'
Slack : -92.143
TNS   : -456118.885

Type  : Slow 1200mV 85C Model Minimum Pulse Width 'clk'
Slack : -3.000
TNS   : -219.062

Type  : Slow 1200mV 85C Model Minimum Pulse Width 'pwr'
Slack : -3.000
TNS   : -32.875

Type  : Slow 1200mV 85C Model Minimum Pulse Width 'new_clk'
Slack : -1.403
TNS   : -15.433

Type  : Slow 1200mV 0C Model Setup 'target_temp[1]'
Slack : -224.868
TNS   : -5533.678

Type  : Slow 1200mV 0C Model Setup 'Temperature:tempcontrol|currentTemp[1]'
Slack : -224.194
TNS   : -3232.313

Type  : Slow 1200mV 0C Model Setup 'pwr'
Slack : -222.927
TNS   : -4078.457

Type  : Slow 1200mV 0C Model Setup 'clk'
Slack : -14.863
TNS   : -1397.438

Type  : Slow 1200mV 0C Model Setup 'new_clk'
Slack : -6.927
TNS   : -68.359

Type  : Slow 1200mV 0C Model Hold 'Temperature:tempcontrol|currentTemp[1]'
Slack : -92.741
TNS   : -772.793

Type  : Slow 1200mV 0C Model Hold 'target_temp[1]'
Slack : -89.795
TNS   : -1449.469

Type  : Slow 1200mV 0C Model Hold 'pwr'
Slack : -6.020
TNS   : -89.385

Type  : Slow 1200mV 0C Model Hold 'clk'
Slack : -3.016
TNS   : -3.016

Type  : Slow 1200mV 0C Model Hold 'new_clk'
Slack : -0.359
TNS   : -0.359

Type  : Slow 1200mV 0C Model Recovery 'target_temp[1]'
Slack : 2.901
TNS   : 0.000

Type  : Slow 1200mV 0C Model Recovery 'Temperature:tempcontrol|currentTemp[1]'
Slack : 5.014
TNS   : 0.000

Type  : Slow 1200mV 0C Model Removal 'Temperature:tempcontrol|currentTemp[1]'
Slack : -92.733
TNS   : -647.031

Type  : Slow 1200mV 0C Model Removal 'target_temp[1]'
Slack : -89.720
TNS   : -1247.278

Type  : Slow 1200mV 0C Model Minimum Pulse Width 'Temperature:tempcontrol|currentTemp[1]'
Slack : -85.467
TNS   : -419829.600

Type  : Slow 1200mV 0C Model Minimum Pulse Width 'target_temp[1]'
Slack : -83.748
TNS   : -414114.024

Type  : Slow 1200mV 0C Model Minimum Pulse Width 'clk'
Slack : -3.000
TNS   : -219.062

Type  : Slow 1200mV 0C Model Minimum Pulse Width 'pwr'
Slack : -3.000
TNS   : -26.188

Type  : Slow 1200mV 0C Model Minimum Pulse Width 'new_clk'
Slack : -1.403
TNS   : -15.433

Type  : Fast 1200mV 0C Model Setup 'target_temp[1]'
Slack : -99.943
TNS   : -2450.692

Type  : Fast 1200mV 0C Model Setup 'Temperature:tempcontrol|currentTemp[1]'
Slack : -99.634
TNS   : -1426.514

Type  : Fast 1200mV 0C Model Setup 'pwr'
Slack : -98.513
TNS   : -1800.542

Type  : Fast 1200mV 0C Model Setup 'clk'
Slack : -6.238
TNS   : -557.944

Type  : Fast 1200mV 0C Model Setup 'new_clk'
Slack : -2.468
TNS   : -26.277

Type  : Fast 1200mV 0C Model Hold 'Temperature:tempcontrol|currentTemp[1]'
Slack : -41.500
TNS   : -349.576

Type  : Fast 1200mV 0C Model Hold 'target_temp[1]'
Slack : -40.306
TNS   : -655.332

Type  : Fast 1200mV 0C Model Hold 'pwr'
Slack : -3.657
TNS   : -55.060

Type  : Fast 1200mV 0C Model Hold 'clk'
Slack : -1.657
TNS   : -1.870

Type  : Fast 1200mV 0C Model Hold 'new_clk'
Slack : -0.462
TNS   : -0.462

Type  : Fast 1200mV 0C Model Recovery 'target_temp[1]'
Slack : 1.556
TNS   : 0.000

Type  : Fast 1200mV 0C Model Recovery 'Temperature:tempcontrol|currentTemp[1]'
Slack : 2.324
TNS   : 0.000

Type  : Fast 1200mV 0C Model Removal 'Temperature:tempcontrol|currentTemp[1]'
Slack : -41.527
TNS   : -289.653

Type  : Fast 1200mV 0C Model Removal 'target_temp[1]'
Slack : -40.333
TNS   : -559.675

Type  : Fast 1200mV 0C Model Minimum Pulse Width 'Temperature:tempcontrol|currentTemp[1]'
Slack : -38.053
TNS   : -183444.532

Type  : Fast 1200mV 0C Model Minimum Pulse Width 'target_temp[1]'
Slack : -37.250
TNS   : -180429.160

Type  : Fast 1200mV 0C Model Minimum Pulse Width 'clk'
Slack : -3.000
TNS   : -163.111

Type  : Fast 1200mV 0C Model Minimum Pulse Width 'pwr'
Slack : -3.000
TNS   : -27.722

Type  : Fast 1200mV 0C Model Minimum Pulse Width 'new_clk'
Slack : -1.000
TNS   : -11.000

------------------------------------------------------------
